[INFO] Scanning for projects...
[INFO] 
[INFO] --------------< com.loanllaunch:loan-origination-service >--------------
[INFO] Building Loan Origination Service 1.0.0-SNAPSHOT
[INFO]   from pom.xml
[INFO] --------------------------------[ jar ]---------------------------------
[INFO] 
[INFO] --- resources:3.3.1:resources (default-resources) @ loan-origination-service ---
[INFO] Copying 3 resources from src\main\resources to target\classes
[INFO] 
[INFO] --- compiler:3.12.1:compile (default-compile) @ loan-origination-service ---
[INFO] Nothing to compile - all classes are up to date.
[INFO] 
[INFO] --- resources:3.3.1:testResources (default-testResources) @ loan-origination-service ---
[INFO] skip non existing resourceDirectory C:\Users\33656\Documents\Workspace\LoanLaunch\loan-origination-service\src\test\resources
[INFO] 
[INFO] --- compiler:3.12.1:testCompile (default-testCompile) @ loan-origination-service ---
[INFO] Nothing to compile - all classes are up to date.
[INFO] 
[INFO] --- surefire:3.2.3:test (default-test) @ loan-origination-service ---
[INFO] Using auto detected provider org.apache.maven.surefire.junitplatform.JUnitPlatformProvider
[INFO] 
[INFO] -------------------------------------------------------
[INFO]  T E S T S
[INFO] -------------------------------------------------------
[INFO] Running com.loanllaunch.loan.LoanApplicationOutboxIntegrationTest
17:38:17.634 [main] INFO org.springframework.test.context.support.AnnotationConfigContextLoaderUtils -- Could not detect default configuration classes for test class [com.loanllaunch.loan.LoanApplicationOutboxIntegrationTest]: LoanApplicationOutboxIntegrationTest does not declare any static, non-private, non-final, nested classes annotated with @Configuration.
17:38:17.690 [main] INFO org.testcontainers.images.PullPolicy -- Image pull policy will be performed by: DefaultPullPolicy()
17:38:17.695 [main] INFO org.testcontainers.utility.ImageNameSubstitutor -- Image name substitution will be performed by: DefaultImageNameSubstitutor (composite of 'ConfigurationFileImageNameSubstitutor' and 'PrefixingImageNameSubstitutor')
17:38:18.110 [main] INFO org.testcontainers.dockerclient.DockerMachineClientProviderStrategy -- docker-machine executable was not found on PATH ([c:\Users\33656\AppData\Local\Programs\cursor\resources\app\bin, C:\Program Files\Common Files\Oracle\Java\javapath, C:\Windows\system32, C:\Windows, C:\Windows\System32\Wbem, C:\Windows\System32\WindowsPowerShell\v1.0\, C:\Windows\System32\OpenSSH\, C:\Program Files (x86)\NVIDIA Corporation\PhysX\Common, C:\Program Files\NVIDIA Corporation\NVIDIA NvDLISR, C:\Program Files\nodejs\, C:\ProgramData\chocolatey\bin, C:\Program Files\Go\bin, C:\Users\33656\Maven\apache-maven-3.x.x\apache-maven-3.9.9\bin, C:\Users\33656\AppData\Local\Programs\Python\Launcher\, C:\Users\33656\AppData\Local\Microsoft\WindowsApps, C:\Users\33656\AppData\Local\JetBrains\Toolbox\scripts, C:\Users\33656\AppData\Roaming\npm, C:\Users\33656\go\bin, C:\Users\33656\Maven\apache-maven-3.x.x\apache-maven-3.9.9, C:\WINDOWS\system32, C:\WINDOWS, C:\WINDOWS\System32\Wbem, C:\WINDOWS\System32\WindowsPowerShell\v1.0\, C:\WINDOWS\System32\OpenSSH\, C:\Program Files\Git\cmd, C:\Program Files\Docker\Docker\resources\bin, C:\Users\33656\AppData\Local\Programs\Python\Python313\Scripts\, C:\Users\33656\AppData\Local\Programs\Python\Python313\, C:\Users\33656\AppData\Local\Programs\Python\Launcher\, C:\Users\33656\AppData\Local\Microsoft\WindowsApps, C:\Users\33656\AppData\Local\JetBrains\Toolbox\scripts, C:\Users\33656\AppData\Local\Programs\Microsoft VS Code\bin, C:\Users\33656\AppData\Roaming\npm, C:\Users\33656\go\bin, C:\Users\33656\Maven\apache-maven-3.x.x\apache-maven-3.9.9, , C:\Users\33656\AppData\Local\Microsoft\WindowsApps, C:\Users\33656\AppData\Local\Programs\Ollama, C:\Users\33656\AppData\Local\Programs\Antigravity\bin, C:\Program Files\JetBrains\IntelliJ IDEA 2025.3\bin])
17:38:18.110 [main] ERROR org.testcontainers.dockerclient.DockerClientProviderStrategy -- Could not find a valid Docker environment. Please check configuration. Attempted configurations were:
	NpipeSocketClientProviderStrategy: failed with exception BadRequestException (Status 400: {"ID":"","Containers":0,"ContainersRunning":0,"ContainersPaused":0,"ContainersStopped":0,"Images":0,"Driver":"","DriverStatus":null,"Plugins":{"Volume":null,"Network":null,"Authorization":null,"Log":null},"MemoryLimit":false,"SwapLimit":false,"CpuCfsPeriod":false,"CpuCfsQuota":false,"CPUShares":false,"CPUSet":false,"PidsLimit":false,"IPv4Forwarding":false,"Debug":false,"NFd":0,"OomKillDisable":false,"NGoroutines":0,"SystemTime":"","LoggingDriver":"","CgroupDriver":"","NEventsListener":0,"KernelVersion":"","OperatingSystem":"","OSVersion":"","OSType":"","Architecture":"","IndexServerAddress":"","RegistryConfig":null,"NCPU":0,"MemTotal":0,"GenericResources":null,"DockerRootDir":"","HttpProxy":"","HttpsProxy":"","NoProxy":"","Name":"","Labels":["com.docker.desktop.address=npipe://\\\\.\\pipe\\docker_cli"],"ExperimentalBuild":false,"ServerVersion":"","Runtimes":null,"DefaultRuntime":"","Swarm":{"NodeID":"","NodeAddr":"","LocalNodeState":"","ControlAvailable":false,"Error":"","RemoteManagers":null},"LiveRestoreEnabled":false,"Isolation":"","InitBinary":"","ContainerdCommit":{"ID":""},"RuncCommit":{"ID":""},"InitCommit":{"ID":""},"SecurityOptions":null,"CDISpecDirs":null,"Warnings":null})As no valid configuration was found, execution cannot continue.
See https://java.testcontainers.org/on_failure.html for more details.
[ERROR] Tests run: 1, Failures: 0, Errors: 1, Skipped: 0, Time elapsed: 0.582 s <<< FAILURE! -- in com.loanllaunch.loan.LoanApplicationOutboxIntegrationTest
[ERROR] com.loanllaunch.loan.LoanApplicationOutboxIntegrationTest -- Time elapsed: 0.582 s <<< ERROR!
org.testcontainers.containers.ContainerFetchException: Can't get Docker image: RemoteDockerImage(imageName=postgres:16-alpine, imagePullPolicy=DefaultPullPolicy(), imageNameSubstitutor=org.testcontainers.utility.ImageNameSubstitutor$LogWrappedImageNameSubstitutor@5a9800f8)
	at org.testcontainers.containers.GenericContainer.getDockerImageName(GenericContainer.java:1367)
	at org.springframework.boot.testcontainers.service.connection.ServiceConnectionContextCustomizerFactory.createSource(ServiceConnectionContextCustomizerFactory.java:88)
	at org.springframework.boot.testcontainers.service.connection.ServiceConnectionContextCustomizerFactory.lambda$collectSources$0(ServiceConnectionContextCustomizerFactory.java:63)
	at org.springframework.core.annotation.TypeMappedAnnotations$AggregatesSpliterator.tryAdvance(TypeMappedAnnotations.java:607)
	at org.springframework.core.annotation.TypeMappedAnnotations$AggregatesSpliterator.tryAdvance(TypeMappedAnnotations.java:574)
	at java.base/java.util.Spliterator.forEachRemaining(Spliterator.java:332)
	at java.base/java.util.stream.ReferencePipeline$Head.forEach(ReferencePipeline.java:807)
	at org.springframework.boot.testcontainers.service.connection.ServiceConnectionContextCustomizerFactory.lambda$collectSources$1(ServiceConnectionContextCustomizerFactory.java:63)
	at org.springframework.util.ReflectionUtils.doWithLocalFields(ReflectionUtils.java:691)
	at org.springframework.boot.testcontainers.service.connection.ServiceConnectionContextCustomizerFactory.collectSources(ServiceConnectionContextCustomizerFactory.java:60)
	at org.springframework.boot.testcontainers.service.connection.ServiceConnectionContextCustomizerFactory.createContextCustomizer(ServiceConnectionContextCustomizerFactory.java:52)
	at org.springframework.test.context.support.AbstractTestContextBootstrapper.getContextCustomizers(AbstractTestContextBootstrapper.java:363)
	at org.springframework.test.context.support.AbstractTestContextBootstrapper.buildMergedContextConfiguration(AbstractTestContextBootstrapper.java:335)
	at org.springframework.test.context.support.AbstractTestContextBootstrapper.buildDefaultMergedContextConfiguration(AbstractTestContextBootstrapper.java:270)
	at org.springframework.test.context.support.AbstractTestContextBootstrapper.buildMergedContextConfiguration(AbstractTestContextBootstrapper.java:218)
	at org.springframework.test.context.support.AbstractTestContextBootstrapper.buildTestContext(AbstractTestContextBootstrapper.java:108)
	at org.springframework.boot.test.context.SpringBootTestContextBootstrapper.buildTestContext(SpringBootTestContextBootstrapper.java:111)
	at org.springframework.test.context.TestContextManager.<init>(TestContextManager.java:142)
	at org.springframework.test.context.TestContextManager.<init>(TestContextManager.java:126)
	at org.springframework.test.context.junit.jupiter.SpringExtension.getTestContextManager(SpringExtension.java:366)
	at org.springframework.test.context.junit.jupiter.SpringExtension.beforeAll(SpringExtension.java:131)
	at java.base/java.util.ArrayList.forEach(ArrayList.java:1597)
Caused by: java.lang.IllegalStateException: Could not find a valid Docker environment. Please see logs and check configuration
	at org.testcontainers.dockerclient.DockerClientProviderStrategy.lambda$getFirstValidStrategy$7(DockerClientProviderStrategy.java:277)
	at java.base/java.util.Optional.orElseThrow(Optional.java:403)
	at org.testcontainers.dockerclient.DockerClientProviderStrategy.getFirstValidStrategy(DockerClientProviderStrategy.java:268)
	at org.testcontainers.DockerClientFactory.getOrInitializeStrategy(DockerClientFactory.java:152)
	at org.testcontainers.DockerClientFactory.client(DockerClientFactory.java:194)
	at org.testcontainers.images.LocalImagesCache.get(LocalImagesCache.java:31)
	at org.testcontainers.images.AbstractImagePullPolicy.shouldPull(AbstractImagePullPolicy.java:18)
	at org.testcontainers.images.RemoteDockerImage.resolve(RemoteDockerImage.java:70)
	at org.testcontainers.images.RemoteDockerImage.resolve(RemoteDockerImage.java:28)
	at org.testcontainers.utility.LazyFuture.getResolvedValue(LazyFuture.java:20)
	at org.testcontainers.utility.LazyFuture.get(LazyFuture.java:41)
	at org.testcontainers.containers.GenericContainer.getDockerImageName(GenericContainer.java:1365)
	... 21 more

[INFO] 
[INFO] Results:
[INFO] 
[ERROR] Errors: 
[ERROR]   LoanApplicationOutboxIntegrationTest ╗ ContainerFetch Can't get Docker image: RemoteDockerImage(imageName=postgres:16-alpine, imagePullPolicy=DefaultPullPolicy(), imageNameSubstitutor=org.testcontainers.utility.ImageNameSubstitutor$LogWrappedImageNameSubstitutor@5a9800f8)
[INFO] 
[ERROR] Tests run: 1, Failures: 0, Errors: 1, Skipped: 0
[INFO] 
[INFO] ------------------------------------------------------------------------
[INFO] BUILD FAILURE
[INFO] ------------------------------------------------------------------------
[INFO] Total time:  3.706 s
[INFO] Finished at: 2025-12-27T17:38:18+01:00
[INFO] ------------------------------------------------------------------------
[ERROR] Failed to execute goal org.apache.maven.plugins:maven-surefire-plugin:3.2.3:test (default-test) on project loan-origination-service: 
[ERROR] 
[ERROR] Please refer to C:\Users\33656\Documents\Workspace\LoanLaunch\loan-origination-service\target\surefire-reports for the individual test results.
[ERROR] Please refer to dump files (if any exist) [date].dump, [date]-jvmRun[N].dump and [date].dumpstream.
[ERROR] -> [Help 1]
[ERROR] 
[ERROR] To see the full stack trace of the errors, re-run Maven with the -e switch.
[ERROR] Re-run Maven using the -X switch to enable full debug logging.
[ERROR] 
[ERROR] For more information about the errors and possible solutions, please read the following articles:
[ERROR] [Help 1] http://cwiki.apache.org/confluence/display/MAVEN/MojoFailureException
